EXECUTED_PROGRAM

ret > ExitSuccess
out > 10
out > 21
out > 1
out > 0
out > 4
out > 1
out >
