EXECUTED_PROGRAM

ret > ExitSuccess
out > 2222222222
out > 1111111111
out > 0123456789
out >
