EXECUTED_PROGRAM

ret > ExitSuccess
out > a
out >
