EXECUTED_PROGRAM

ret > ExitSuccess
out > yesno
out >
