EXECUTED_PROGRAM

ret > ExitSuccess
out > yes
out >
