EXECUTED_PROGRAM

ret > ExitSuccess
out > 2 = 1.414214
out > 2 = 1.414214
out >
