EXECUTED_PROGRAM

ret > ExitSuccess
out > 0349154
