EXECUTED_PROGRAM

ret > ExitSuccess
out > 350350350350
