EXECUTED_PROGRAM

ret > ExitSuccess
out > Hello World
