EXECUTED_PROGRAM

ret > ExitSuccess
out > Issue1486.main
out >
