EXECUTED_PROGRAM

ret > ExitSuccess
out > 42
out >
