EXECUTED_PROGRAM

ret > ExitSuccess
out > blub
out >
