EXECUTED_PROGRAM

ret > ExitSuccess
out > snd
out >
