EXECUTED_PROGRAM

ret > ExitSuccess
out > 6
out >
