EXECUTED_PROGRAM

ret > ExitSuccess
out > 1.230000abcd123
out >
