EXECUTED_PROGRAM

ret > ExitSuccess
out > 20
out > 10
out >
