EXECUTED_PROGRAM

ret > ExitSuccess
out > 50394521
