EXECUTED_PROGRAM

ret > ExitSuccess
out > aabc
out > printBool
out > truefalse
