EXECUTED_PROGRAM

ret > ExitSuccess
out > A-ok
out >
