EXECUTED_PROGRAM

ret > ExitSuccess
out > To boldly go where no man gone before
out > To boldly go where no man gone before
out > To boldly go where no man gone before
out > To boldly go where no man gone before
out >
