EXECUTED_PROGRAM

ret > ExitSuccess
out > no-bla
out > found-bla
out >
