EXECUTED_PROGRAM

ret > ExitSuccess
out > 1
out > 29
