EXECUTED_PROGRAM

ret > ExitSuccess
out > 4999950000
